#-----------------------------------------------------------
# Vivado v2025.2 (64-bit)
# SW Build 6299465 on Fri Nov 14 19:35:11 GMT 2025
# IP Build 6300035 on Fri Nov 14 10:48:45 MST 2025
# SharedData Build 6298862 on Thu Nov 13 04:50:51 MST 2025
# Start of session at: Mon Jun  1 13:36:42 2026
# Process ID         : 996
# Current directory  : C:/Users/DJ/Desktop/ECC_decoder
# Command line       : vivado.exe -mode batch -source check_synth.tcl
# Log file           : C:/Users/DJ/Desktop/ECC_decoder/vivado.log
# Journal file       : C:/Users/DJ/Desktop/ECC_decoder\vivado.jou
# Running On         : DESKTOP-BKHQM7M
# Platform           : Windows Server 2016 or Windows 10
# Operating System   : 19045
# Processor Detail   : 13th Gen Intel(R) Core(TM) i5-13400F
# CPU Frequency      : 2496 MHz
# CPU Physical cores : 10
# CPU Logical cores  : 16
# Host memory        : 34138 MB
# Swap memory        : 2147 MB
# Total Virtual      : 36286 MB
# Available Virtual  : 19906 MB
#-----------------------------------------------------------
source check_synth.tcl
# read_verilog ECC_decoder.srcs/sources_1/new/ecc_decoder.v
read_verilog: Time (s): cpu = 00:00:08 ; elapsed = 00:00:07 . Memory (MB): peak = 557.125 ; gain = 224.168
# read_verilog ECC_decoder.srcs/sources_1/new/led_status.v
# read_verilog ECC_decoder.srcs/sources_1/new/display_controller.v
# read_verilog ECC_decoder.srcs/sources_1/new/seg_driver.v
# read_verilog ECC_decoder.srcs/sources_1/new/top_ecc_rx.v
# synth_design -top top_ecc_rx -part xc7a75tfgg484-2
Command: synth_design -top top_ecc_rx -part xc7a75tfgg484-2
Starting synth_design
Attempting to get a license for feature 'Synthesis' and/or device 'xc7a75t'
INFO: [Common 17-349] Got license for feature 'Synthesis' and/or device 'xc7a75t'
INFO: [Synth 8-7079] Multithreading enabled for synth_design using a maximum of 2 processes.
INFO: [Synth 8-7078] Launching helper process for spawning children vivado processes
INFO: [Synth 8-7075] Helper process launched with PID 17168
---------------------------------------------------------------------------------
Starting Synthesize : Time (s): cpu = 00:00:05 ; elapsed = 00:00:06 . Memory (MB): peak = 1096.809 ; gain = 535.746
---------------------------------------------------------------------------------
INFO: [Synth 8-6157] synthesizing module 'top_ecc_rx' [C:/Users/DJ/Desktop/ECC_decoder/ECC_decoder.srcs/sources_1/new/top_ecc_rx.v:8]
INFO: [Synth 8-6157] synthesizing module 'ecc_decoder' [C:/Users/DJ/Desktop/ECC_decoder/ECC_decoder.srcs/sources_1/new/ecc_decoder.v:42]
INFO: [Synth 8-6155] done synthesizing module 'ecc_decoder' (0#1) [C:/Users/DJ/Desktop/ECC_decoder/ECC_decoder.srcs/sources_1/new/ecc_decoder.v:42]
INFO: [Synth 8-6157] synthesizing module 'led_status' [C:/Users/DJ/Desktop/ECC_decoder/ECC_decoder.srcs/sources_1/new/led_status.v:8]
INFO: [Synth 8-6155] done synthesizing module 'led_status' (0#1) [C:/Users/DJ/Desktop/ECC_decoder/ECC_decoder.srcs/sources_1/new/led_status.v:8]
INFO: [Synth 8-6157] synthesizing module 'display_controller' [C:/Users/DJ/Desktop/ECC_decoder/ECC_decoder.srcs/sources_1/new/display_controller.v:9]
INFO: [Synth 8-6155] done synthesizing module 'display_controller' (0#1) [C:/Users/DJ/Desktop/ECC_decoder/ECC_decoder.srcs/sources_1/new/display_controller.v:9]
INFO: [Synth 8-6157] synthesizing module 'seg_driver' [C:/Users/DJ/Desktop/ECC_decoder/ECC_decoder.srcs/sources_1/new/seg_driver.v:18]
INFO: [Synth 8-6155] done synthesizing module 'seg_driver' (0#1) [C:/Users/DJ/Desktop/ECC_decoder/ECC_decoder.srcs/sources_1/new/seg_driver.v:18]
INFO: [Synth 8-6155] done synthesizing module 'top_ecc_rx' (0#1) [C:/Users/DJ/Desktop/ECC_decoder/ECC_decoder.srcs/sources_1/new/top_ecc_rx.v:8]
WARNING: [Synth 8-7129] Port no_error in module led_status is either unconnected or has no load
---------------------------------------------------------------------------------
Finished Synthesize : Time (s): cpu = 00:00:06 ; elapsed = 00:00:08 . Memory (MB): peak = 1216.035 ; gain = 654.973
---------------------------------------------------------------------------------
---------------------------------------------------------------------------------
Finished Constraint Validation : Time (s): cpu = 00:00:07 ; elapsed = 00:00:08 . Memory (MB): peak = 1216.035 ; gain = 654.973
---------------------------------------------------------------------------------
---------------------------------------------------------------------------------
Start Loading Part and Timing Information
---------------------------------------------------------------------------------
Loading part: xc7a75tfgg484-2
---------------------------------------------------------------------------------
INFO: [Device 21-403] Loading part xc7a75tfgg484-2
Finished Loading Part and Timing Information : Time (s): cpu = 00:00:07 ; elapsed = 00:00:08 . Memory (MB): peak = 1216.035 ; gain = 654.973
---------------------------------------------------------------------------------
---------------------------------------------------------------------------------
Finished RTL Optimization Phase 2 : Time (s): cpu = 00:00:07 ; elapsed = 00:00:09 . Memory (MB): peak = 1216.035 ; gain = 654.973
---------------------------------------------------------------------------------
No constraint files found.
---------------------------------------------------------------------------------
Start RTL Component Statistics 
---------------------------------------------------------------------------------
Detailed RTL Component Info : 
+---Adders : 
	   2 Input   26 Bit       Adders := 1     
	   2 Input   16 Bit       Adders := 1     
	   2 Input    2 Bit       Adders := 2     
+---XORs : 
	   2 Input      1 Bit         XORs := 1     
	   5 Input      1 Bit         XORs := 4     
+---XORs : 
	               13 Bit    Wide XORs := 1     
+---Registers : 
	               32 Bit    Registers := 1     
	               16 Bit    Registers := 1     
	                8 Bit    Registers := 1     
	                2 Bit    Registers := 3     
	                1 Bit    Registers := 7     
+---Muxes : 
	   2 Input   26 Bit        Muxes := 3     
	   4 Input   16 Bit        Muxes := 1     
	   4 Input   13 Bit        Muxes := 1     
	   2 Input   12 Bit        Muxes := 1     
	   4 Input    4 Bit        Muxes := 2     
	   4 Input    2 Bit        Muxes := 1     
	   2 Input    2 Bit        Muxes := 2     
	   2 Input    1 Bit        Muxes := 14    
---------------------------------------------------------------------------------
Finished RTL Component Statistics 
---------------------------------------------------------------------------------
---------------------------------------------------------------------------------
Start Part Resource Summary
---------------------------------------------------------------------------------
Part Resources:
DSPs: 180 (col length:80)
BRAMs: 210 (col length: RAMB18 80 RAMB36 40)
---------------------------------------------------------------------------------
Finished Part Resource Summary
---------------------------------------------------------------------------------
No constraint files found.
---------------------------------------------------------------------------------
Start Cross Boundary and Area Optimization
---------------------------------------------------------------------------------
---------------------------------------------------------------------------------
Finished Cross Boundary and Area Optimization : Time (s): cpu = 00:00:11 ; elapsed = 00:00:21 . Memory (MB): peak = 1429.398 ; gain = 868.336
---------------------------------------------------------------------------------
No constraint files found.
---------------------------------------------------------------------------------
Start Timing Optimization
---------------------------------------------------------------------------------
---------------------------------------------------------------------------------
Finished Timing Optimization : Time (s): cpu = 00:00:11 ; elapsed = 00:00:21 . Memory (MB): peak = 1429.398 ; gain = 868.336
---------------------------------------------------------------------------------
---------------------------------------------------------------------------------
Start Technology Mapping
---------------------------------------------------------------------------------
---------------------------------------------------------------------------------
Finished Technology Mapping : Time (s): cpu = 00:00:11 ; elapsed = 00:00:21 . Memory (MB): peak = 1429.398 ; gain = 868.336
---------------------------------------------------------------------------------
---------------------------------------------------------------------------------
Start IO Insertion
---------------------------------------------------------------------------------
---------------------------------------------------------------------------------
Start Flattening Before IO Insertion
---------------------------------------------------------------------------------
---------------------------------------------------------------------------------
Finished Flattening Before IO Insertion
---------------------------------------------------------------------------------
---------------------------------------------------------------------------------
Start Final Netlist Cleanup
---------------------------------------------------------------------------------
---------------------------------------------------------------------------------
Finished Final Netlist Cleanup
---------------------------------------------------------------------------------
---------------------------------------------------------------------------------
Finished IO Insertion : Time (s): cpu = 00:00:15 ; elapsed = 00:00:25 . Memory (MB): peak = 1658.145 ; gain = 1097.082
---------------------------------------------------------------------------------
---------------------------------------------------------------------------------
Start Renaming Generated Instances
---------------------------------------------------------------------------------
---------------------------------------------------------------------------------
Finished Renaming Generated Instances : Time (s): cpu = 00:00:15 ; elapsed = 00:00:25 . Memory (MB): peak = 1658.145 ; gain = 1097.082
---------------------------------------------------------------------------------
---------------------------------------------------------------------------------
Start Rebuilding User Hierarchy
---------------------------------------------------------------------------------
---------------------------------------------------------------------------------
Finished Rebuilding User Hierarchy : Time (s): cpu = 00:00:15 ; elapsed = 00:00:25 . Memory (MB): peak = 1658.145 ; gain = 1097.082
---------------------------------------------------------------------------------
---------------------------------------------------------------------------------
Start Renaming Generated Ports
---------------------------------------------------------------------------------
---------------------------------------------------------------------------------
Finished Renaming Generated Ports : Time (s): cpu = 00:00:15 ; elapsed = 00:00:25 . Memory (MB): peak = 1658.145 ; gain = 1097.082
---------------------------------------------------------------------------------
---------------------------------------------------------------------------------
Start Handling Custom Attributes
---------------------------------------------------------------------------------
---------------------------------------------------------------------------------
Finished Handling Custom Attributes : Time (s): cpu = 00:00:15 ; elapsed = 00:00:25 . Memory (MB): peak = 1658.145 ; gain = 1097.082
---------------------------------------------------------------------------------
---------------------------------------------------------------------------------
Start Renaming Generated Nets
---------------------------------------------------------------------------------
---------------------------------------------------------------------------------
Finished Renaming Generated Nets : Time (s): cpu = 00:00:15 ; elapsed = 00:00:25 . Memory (MB): peak = 1658.145 ; gain = 1097.082
---------------------------------------------------------------------------------
---------------------------------------------------------------------------------
Start Writing Synthesis Report
---------------------------------------------------------------------------------

Report BlackBoxes: 
+-+--------------+----------+
| |BlackBox name |Instances |
+-+--------------+----------+
+-+--------------+----------+

Report Cell Usage: 
+------+-------+------+
|      |Cell   |Count |
+------+-------+------+
|1     |BUFG   |     1|
|2     |CARRY4 |    11|
|3     |LUT1   |     2|
|4     |LUT2   |     8|
|5     |LUT3   |     6|
|6     |LUT4   |     6|
|7     |LUT5   |    22|
|8     |LUT6   |    53|
|9     |FDCE   |    62|
|10    |FDPE   |     1|
|11    |IBUF   |    16|
|12    |OBUF   |    26|
+------+-------+------+

Report Instance Areas: 
+------+-----------------------+-------------------+------+
|      |Instance               |Module             |Cells |
+------+-----------------------+-------------------+------+
|1     |top                    |                   |   214|
|2     |  u_display_controller |display_controller |    87|
|3     |  u_ecc_decoder        |ecc_decoder        |    33|
|4     |  u_led_status         |led_status         |     3|
|5     |  u_seg_driver         |seg_driver         |    48|
+------+-----------------------+-------------------+------+
---------------------------------------------------------------------------------
Finished Writing Synthesis Report : Time (s): cpu = 00:00:15 ; elapsed = 00:00:25 . Memory (MB): peak = 1658.145 ; gain = 1097.082
---------------------------------------------------------------------------------
Synthesis finished with 0 errors, 0 critical warnings and 1 warnings.
Synthesis Optimization Runtime : Time (s): cpu = 00:00:15 ; elapsed = 00:00:25 . Memory (MB): peak = 1658.145 ; gain = 1097.082
Synthesis Optimization Complete : Time (s): cpu = 00:00:15 ; elapsed = 00:00:25 . Memory (MB): peak = 1658.145 ; gain = 1097.082
INFO: [Project 1-571] Translating synthesized netlist
Netlist sorting complete. Time (s): cpu = 00:00:00 ; elapsed = 00:00:00.002 . Memory (MB): peak = 1673.262 ; gain = 0.000
INFO: [Netlist 29-17] Analyzing 11 Unisim elements for replacement
INFO: [Netlist 29-28] Unisim Transformation completed in 0 CPU seconds
INFO: [Project 1-570] Preparing netlist for logic optimization
INFO: [Opt 31-138] Pushed 0 inverter(s) to 0 load pin(s).
Netlist sorting complete. Time (s): cpu = 00:00:00 ; elapsed = 00:00:00.001 . Memory (MB): peak = 1790.375 ; gain = 0.000
INFO: [Project 1-111] Unisim Transformation Summary:
No Unisim elements were transformed.

Synth Design complete | Checksum: de3326ea
INFO: [Common 17-83] Releasing license: Synthesis
22 Infos, 1 Warnings, 0 Critical Warnings and 0 Errors encountered.
synth_design completed successfully
synth_design: Time (s): cpu = 00:00:17 ; elapsed = 00:00:29 . Memory (MB): peak = 1790.375 ; gain = 1233.250
# report_utilization
Copyright 1986-2022 Xilinx, Inc. All Rights Reserved. Copyright 2022-2025 Advanced Micro Devices, Inc. All Rights Reserved.
---------------------------------------------------------------------------------------------------------------------------------------------
| Tool Version : Vivado v.2025.2 (win64) Build 6299465 Fri Nov 14 19:35:11 GMT 2025
| Date         : Mon Jun  1 13:37:20 2026
| Host         : DESKTOP-BKHQM7M running 64-bit major release  (build 9200)
| Command      : report_utilization
| Design       : top_ecc_rx
| Device       : xc7a75tfgg484-2
| Speed File   : -2
| Design State : Synthesized
---------------------------------------------------------------------------------------------------------------------------------------------

Utilization Design Information

Table of Contents
-----------------
1. Slice Logic
1.1 Summary of Registers by Type
2. Memory
3. DSP
4. IO and GT Specific
5. Clocking
6. Specific Feature
7. Primitives
8. Black Boxes
9. Instantiated Netlists

1. Slice Logic
--------------

+-------------------------+------+-------+------------+-----------+-------+
|        Site Type        | Used | Fixed | Prohibited | Available | Util% |
+-------------------------+------+-------+------------+-----------+-------+
| Slice LUTs*             |   92 |     0 |          0 |     47200 |  0.19 |
|   LUT as Logic          |   92 |     0 |          0 |     47200 |  0.19 |
|   LUT as Memory         |    0 |     0 |          0 |     19000 |  0.00 |
| Slice Registers         |   63 |     0 |          0 |     94400 |  0.07 |
|   Register as Flip Flop |   63 |     0 |          0 |     94400 |  0.07 |
|   Register as Latch     |    0 |     0 |          0 |     94400 |  0.00 |
| F7 Muxes                |    0 |     0 |          0 |     31700 |  0.00 |
| F8 Muxes                |    0 |     0 |          0 |     15850 |  0.00 |
| Unique Control Sets     |    3 |       |          0 |     15850 |  0.02 |
+-------------------------+------+-------+------------+-----------+-------+
* Warning! The Final LUT count, after physical optimizations and full implementation, is typically lower. Run opt_design after synthesis, if not already completed, for a more realistic count.
Warning! LUT value is adjusted to account for LUT combining.
Warning! For any ECO changes, please run place_design if there are unplaced instances
** Note: Available Control Sets calculated as Slice * 1, Review the Control Sets Report for more information regarding control sets.


1.1 Summary of Registers by Type
--------------------------------

+-------+--------------+-------------+--------------+
| Total | Clock Enable | Synchronous | Asynchronous |
+-------+--------------+-------------+--------------+
| 0     |            _ |           - |            - |
| 0     |            _ |           - |          Set |
| 0     |            _ |           - |        Reset |
| 0     |            _ |         Set |            - |
| 0     |            _ |       Reset |            - |
| 0     |          Yes |           - |            - |
| 1     |          Yes |           - |          Set |
| 62    |          Yes |           - |        Reset |
| 0     |          Yes |         Set |            - |
| 0     |          Yes |       Reset |            - |
+-------+--------------+-------------+--------------+


2. Memory
---------

+----------------+------+-------+------------+-----------+-------+
|    Site Type   | Used | Fixed | Prohibited | Available | Util% |
+----------------+------+-------+------------+-----------+-------+
| Block RAM Tile |    0 |     0 |          0 |       105 |  0.00 |
|   RAMB36/FIFO* |    0 |     0 |          0 |       105 |  0.00 |
|   RAMB18       |    0 |     0 |          0 |       210 |  0.00 |
+----------------+------+-------+------------+-----------+-------+
* Note: Each Block RAM Tile only has one FIFO logic available and therefore can accommodate only one FIFO36E1 or one FIFO18E1. However, if a FIFO18E1 occupies a Block RAM Tile, that tile can still accommodate a RAMB18E1


3. DSP
------

+-----------+------+-------+------------+-----------+-------+
| Site Type | Used | Fixed | Prohibited | Available | Util% |
+-----------+------+-------+------------+-----------+-------+
| DSPs      |    0 |     0 |          0 |       180 |  0.00 |
+-----------+------+-------+------------+-----------+-------+


4. IO and GT Specific
---------------------

+-----------------------------+------+-------+------------+-----------+-------+
|          Site Type          | Used | Fixed | Prohibited | Available | Util% |
+-----------------------------+------+-------+------------+-----------+-------+
| Bonded IOB                  |   42 |     0 |          0 |       285 | 14.74 |
| Bonded IPADs                |    0 |     0 |          0 |        14 |  0.00 |
| Bonded OPADs                |    0 |     0 |          0 |         8 |  0.00 |
| PHY_CONTROL                 |    0 |     0 |          0 |         6 |  0.00 |
| PHASER_REF                  |    0 |     0 |          0 |         6 |  0.00 |
| OUT_FIFO                    |    0 |     0 |          0 |        24 |  0.00 |
| IN_FIFO                     |    0 |     0 |          0 |        24 |  0.00 |
| IDELAYCTRL                  |    0 |     0 |          0 |         6 |  0.00 |
| IBUFDS                      |    0 |     0 |          0 |       274 |  0.00 |
| GTPE2_CHANNEL               |    0 |     0 |          0 |         4 |  0.00 |
| PHASER_OUT/PHASER_OUT_PHY   |    0 |     0 |          0 |        24 |  0.00 |
| PHASER_IN/PHASER_IN_PHY     |    0 |     0 |          0 |        24 |  0.00 |
| IDELAYE2/IDELAYE2_FINEDELAY |    0 |     0 |          0 |       300 |  0.00 |
| IBUFDS_GTE2                 |    0 |     0 |          0 |         2 |  0.00 |
| ILOGIC                      |    0 |     0 |          0 |       285 |  0.00 |
| OLOGIC                      |    0 |     0 |          0 |       285 |  0.00 |
+-----------------------------+------+-------+------------+-----------+-------+


5. Clocking
-----------

+------------+------+-------+------------+-----------+-------+
|  Site Type | Used | Fixed | Prohibited | Available | Util% |
+------------+------+-------+------------+-----------+-------+
| BUFGCTRL   |    1 |     0 |          0 |        32 |  3.13 |
| BUFIO      |    0 |     0 |          0 |        24 |  0.00 |
| MMCME2_ADV |    0 |     0 |          0 |         6 |  0.00 |
| PLLE2_ADV  |    0 |     0 |          0 |         6 |  0.00 |
| BUFMRCE    |    0 |     0 |          0 |        12 |  0.00 |
| BUFHCE     |    0 |     0 |          0 |        96 |  0.00 |
| BUFR       |    0 |     0 |          0 |        24 |  0.00 |
+------------+------+-------+------------+-----------+-------+


6. Specific Feature
-------------------

+-------------+------+-------+------------+-----------+-------+
|  Site Type  | Used | Fixed | Prohibited | Available | Util% |
+-------------+------+-------+------------+-----------+-------+
| BSCANE2     |    0 |     0 |          0 |         4 |  0.00 |
| CAPTUREE2   |    0 |     0 |          0 |         1 |  0.00 |
| DNA_PORT    |    0 |     0 |          0 |         1 |  0.00 |
| EFUSE_USR   |    0 |     0 |          0 |         1 |  0.00 |
| FRAME_ECCE2 |    0 |     0 |          0 |         1 |  0.00 |
| ICAPE2      |    0 |     0 |          0 |         2 |  0.00 |
| PCIE_2_1    |    0 |     0 |          0 |         1 |  0.00 |
| STARTUPE2   |    0 |     0 |          0 |         1 |  0.00 |
| XADC        |    0 |     0 |          0 |         1 |  0.00 |
+-------------+------+-------+------------+-----------+-------+


7. Primitives
-------------

+----------+------+---------------------+
| Ref Name | Used | Functional Category |
+----------+------+---------------------+
| FDCE     |   62 |        Flop & Latch |
| LUT6     |   53 |                 LUT |
| OBUF     |   26 |                  IO |
| LUT5     |   22 |                 LUT |
| IBUF     |   16 |                  IO |
| CARRY4   |   11 |          CarryLogic |
| LUT2     |    8 |                 LUT |
| LUT4     |    6 |                 LUT |
| LUT3     |    6 |                 LUT |
| LUT1     |    2 |                 LUT |
| FDPE     |    1 |        Flop & Latch |
| BUFG     |    1 |               Clock |
+----------+------+---------------------+


8. Black Boxes
--------------

+----------+------+
| Ref Name | Used |
+----------+------+


9. Instantiated Netlists
------------------------

+----------+------+
| Ref Name | Used |
+----------+------+


# exit
INFO: [Common 17-206] Exiting Vivado at Mon Jun  1 13:37:20 2026...
