
*** Running vivado
    with args -log top_ecc_rx_board_demo.vds -m64 -product Vivado -mode batch -messageDb vivado.pb -notrace -source top_ecc_rx_board_demo.tcl



****** Vivado v2025.2 (64-bit)
  **** SW Build 6299465 on Fri Nov 14 19:35:11 GMT 2025
  **** IP Build 6300035 on Fri Nov 14 10:48:45 MST 2025
  **** SharedData Build 6298862 on Thu Nov 13 04:50:51 MST 2025
  **** Start of session at: Mon Jun  1 18:35:30 2026
    ** Copyright 1986-2022 Xilinx, Inc. All Rights Reserved.
    ** Copyright 2022-2025 Advanced Micro Devices, Inc. All Rights Reserved.

source top_ecc_rx_board_demo.tcl -notrace
Command: synth_design -top top_ecc_rx_board_demo -part xc7a75tfgg484-2
Starting synth_design
Attempting to get a license for feature 'Synthesis' and/or device 'xc7a75t'
INFO: [Common 17-349] Got license for feature 'Synthesis' and/or device 'xc7a75t'
INFO: [Device 21-403] Loading part xc7a75tfgg484-2
INFO: [Synth 8-7079] Multithreading enabled for synth_design using a maximum of 2 processes.
INFO: [Synth 8-7078] Launching helper process for spawning children vivado processes
INFO: [Synth 8-7075] Helper process launched with PID 18288
---------------------------------------------------------------------------------
Starting RTL Elaboration : Time (s): cpu = 00:00:04 ; elapsed = 00:00:04 . Memory (MB): peak = 1301.852 ; gain = 541.316
---------------------------------------------------------------------------------
INFO: [Synth 8-6157] synthesizing module 'top_ecc_rx_board_demo' [C:/Users/DJ/Desktop/ECC_decoder/ECC_decoder.srcs/sources_1/new/top_ecc_rx_board_demo.v:25]
INFO: [Synth 8-6157] synthesizing module 'top_ecc_rx' [C:/Users/DJ/Desktop/ECC_decoder/ECC_decoder.srcs/sources_1/new/top_ecc_rx.v:8]
INFO: [Synth 8-6157] synthesizing module 'ecc_decoder' [C:/Users/DJ/Desktop/ECC_decoder/ECC_decoder.srcs/sources_1/new/ecc_decoder.v:42]
INFO: [Synth 8-6155] done synthesizing module 'ecc_decoder' (0#1) [C:/Users/DJ/Desktop/ECC_decoder/ECC_decoder.srcs/sources_1/new/ecc_decoder.v:42]
INFO: [Synth 8-6157] synthesizing module 'led_status' [C:/Users/DJ/Desktop/ECC_decoder/ECC_decoder.srcs/sources_1/new/led_status.v:8]
INFO: [Synth 8-6155] done synthesizing module 'led_status' (0#1) [C:/Users/DJ/Desktop/ECC_decoder/ECC_decoder.srcs/sources_1/new/led_status.v:8]
INFO: [Synth 8-6157] synthesizing module 'display_controller' [C:/Users/DJ/Desktop/ECC_decoder/ECC_decoder.srcs/sources_1/new/display_controller.v:9]
INFO: [Synth 8-6155] done synthesizing module 'display_controller' (0#1) [C:/Users/DJ/Desktop/ECC_decoder/ECC_decoder.srcs/sources_1/new/display_controller.v:9]
INFO: [Synth 8-6157] synthesizing module 'seg_driver' [C:/Users/DJ/Desktop/ECC_decoder/ECC_decoder.srcs/sources_1/new/seg_driver.v:20]
INFO: [Synth 8-6155] done synthesizing module 'seg_driver' (0#1) [C:/Users/DJ/Desktop/ECC_decoder/ECC_decoder.srcs/sources_1/new/seg_driver.v:20]
INFO: [Synth 8-6155] done synthesizing module 'top_ecc_rx' (0#1) [C:/Users/DJ/Desktop/ECC_decoder/ECC_decoder.srcs/sources_1/new/top_ecc_rx.v:8]
INFO: [Synth 8-6155] done synthesizing module 'top_ecc_rx_board_demo' (0#1) [C:/Users/DJ/Desktop/ECC_decoder/ECC_decoder.srcs/sources_1/new/top_ecc_rx_board_demo.v:25]
WARNING: [Synth 8-6014] Unused sequential element good_step_reg was removed.  [C:/Users/DJ/Desktop/ECC_decoder/ECC_decoder.srcs/sources_1/new/display_controller.v:67]
WARNING: [Synth 8-6014] Unused sequential element scroll_cnt_reg was removed.  [C:/Users/DJ/Desktop/ECC_decoder/ECC_decoder.srcs/sources_1/new/display_controller.v:68]
WARNING: [Synth 8-3917] design top_ecc_rx_board_demo has port led[3] driven by constant 0
WARNING: [Synth 8-7129] Port no_error in module led_status is either unconnected or has no load
---------------------------------------------------------------------------------
Finished RTL Elaboration : Time (s): cpu = 00:00:06 ; elapsed = 00:00:06 . Memory (MB): peak = 1421.074 ; gain = 660.539
---------------------------------------------------------------------------------
---------------------------------------------------------------------------------
Start Handling Custom Attributes
---------------------------------------------------------------------------------
---------------------------------------------------------------------------------
Finished Handling Custom Attributes : Time (s): cpu = 00:00:06 ; elapsed = 00:00:06 . Memory (MB): peak = 1421.074 ; gain = 660.539
---------------------------------------------------------------------------------
---------------------------------------------------------------------------------
Finished RTL Optimization Phase 1 : Time (s): cpu = 00:00:06 ; elapsed = 00:00:06 . Memory (MB): peak = 1421.074 ; gain = 660.539
---------------------------------------------------------------------------------
Netlist sorting complete. Time (s): cpu = 00:00:00 ; elapsed = 00:00:00.004 . Memory (MB): peak = 1421.074 ; gain = 0.000
INFO: [Project 1-570] Preparing netlist for logic optimization

Processing XDC Constraints
Initializing timing engine
Parsing XDC File [C:/Users/DJ/Desktop/ECC_decoder/ECC_decoder.srcs/constrs_1/new/top_ecc_rx.xdc]
Finished Parsing XDC File [C:/Users/DJ/Desktop/ECC_decoder/ECC_decoder.srcs/constrs_1/new/top_ecc_rx.xdc]
INFO: [Project 1-236] Implementation specific constraints were found while reading constraint file [C:/Users/DJ/Desktop/ECC_decoder/ECC_decoder.srcs/constrs_1/new/top_ecc_rx.xdc]. These constraints will be ignored for synthesis but will be used in implementation. Impacted constraints are listed in the file [.Xil/top_ecc_rx_board_demo_propImpl.xdc].
Resolution: To avoid this warning, move constraints listed in [.Xil/top_ecc_rx_board_demo_propImpl.xdc] to another XDC file and exclude this new file from synthesis with the used_in_synthesis property (File Properties dialog in GUI) and re-run elaboration/synthesis.
Completed Processing XDC Constraints

Netlist sorting complete. Time (s): cpu = 00:00:00 ; elapsed = 00:00:00 . Memory (MB): peak = 1491.773 ; gain = 0.000
INFO: [Project 1-111] Unisim Transformation Summary:
No Unisim elements were transformed.

Constraint Validation Runtime : Time (s): cpu = 00:00:00 ; elapsed = 00:00:00.005 . Memory (MB): peak = 1491.773 ; gain = 0.000
---------------------------------------------------------------------------------
Finished Constraint Validation : Time (s): cpu = 00:00:13 ; elapsed = 00:00:13 . Memory (MB): peak = 1491.773 ; gain = 731.238
---------------------------------------------------------------------------------
---------------------------------------------------------------------------------
Start Loading Part and Timing Information
---------------------------------------------------------------------------------
Loading part: xc7a75tfgg484-2
---------------------------------------------------------------------------------
Finished Loading Part and Timing Information : Time (s): cpu = 00:00:13 ; elapsed = 00:00:13 . Memory (MB): peak = 1491.773 ; gain = 731.238
---------------------------------------------------------------------------------
---------------------------------------------------------------------------------
Start Applying 'set_property' XDC Constraints
---------------------------------------------------------------------------------
---------------------------------------------------------------------------------
Finished applying 'set_property' XDC Constraints : Time (s): cpu = 00:00:13 ; elapsed = 00:00:13 . Memory (MB): peak = 1491.773 ; gain = 731.238
---------------------------------------------------------------------------------
---------------------------------------------------------------------------------
Finished RTL Optimization Phase 2 : Time (s): cpu = 00:00:13 ; elapsed = 00:00:13 . Memory (MB): peak = 1491.773 ; gain = 731.238
---------------------------------------------------------------------------------
---------------------------------------------------------------------------------
Start RTL Component Statistics 
---------------------------------------------------------------------------------
Detailed RTL Component Info : 
+---Adders : 
	   2 Input   32 Bit       Adders := 1     
	   2 Input   16 Bit       Adders := 1     
	   2 Input    2 Bit       Adders := 2     
+---XORs : 
	   2 Input      1 Bit         XORs := 1     
	   5 Input      1 Bit         XORs := 4     
+---XORs : 
	               13 Bit    Wide XORs := 1     
+---Registers : 
	               32 Bit    Registers := 1     
	               16 Bit    Registers := 1     
	               13 Bit    Registers := 1     
	                8 Bit    Registers := 1     
	                3 Bit    Registers := 1     
	                2 Bit    Registers := 3     
	                1 Bit    Registers := 8     
+---Muxes : 
	   4 Input   16 Bit        Muxes := 1     
	   2 Input   13 Bit        Muxes := 2     
	   2 Input   12 Bit        Muxes := 1     
	   4 Input    8 Bit        Muxes := 1     
	   4 Input    4 Bit        Muxes := 1     
	   2 Input    3 Bit        Muxes := 2     
	   4 Input    2 Bit        Muxes := 1     
	   2 Input    2 Bit        Muxes := 1     
	   2 Input    1 Bit        Muxes := 12    
---------------------------------------------------------------------------------
Finished RTL Component Statistics 
---------------------------------------------------------------------------------
---------------------------------------------------------------------------------
Start Part Resource Summary
---------------------------------------------------------------------------------
Part Resources:
DSPs: 180 (col length:80)
BRAMs: 210 (col length: RAMB18 80 RAMB36 40)
---------------------------------------------------------------------------------
Finished Part Resource Summary
---------------------------------------------------------------------------------
---------------------------------------------------------------------------------
Start Cross Boundary and Area Optimization
---------------------------------------------------------------------------------
WARNING: [Synth 8-3917] design top_ecc_rx_board_demo has port led[3] driven by constant 0
WARNING: [Synth 8-3917] design top_ecc_rx_board_demo has port sel[7] driven by constant 1
WARNING: [Synth 8-3917] design top_ecc_rx_board_demo has port sel[6] driven by constant 1
WARNING: [Synth 8-3917] design top_ecc_rx_board_demo has port sel[5] driven by constant 1
WARNING: [Synth 8-3917] design top_ecc_rx_board_demo has port sel[4] driven by constant 1
WARNING: [Synth 8-3917] design top_ecc_rx_board_demo has port dig[7] driven by constant 1
---------------------------------------------------------------------------------
Finished Cross Boundary and Area Optimization : Time (s): cpu = 00:00:15 ; elapsed = 00:00:15 . Memory (MB): peak = 1491.773 ; gain = 731.238
---------------------------------------------------------------------------------
---------------------------------------------------------------------------------
Start Applying XDC Timing Constraints
---------------------------------------------------------------------------------
---------------------------------------------------------------------------------
Finished Applying XDC Timing Constraints : Time (s): cpu = 00:00:19 ; elapsed = 00:00:20 . Memory (MB): peak = 1615.164 ; gain = 854.629
---------------------------------------------------------------------------------
---------------------------------------------------------------------------------
Start Timing Optimization
---------------------------------------------------------------------------------
---------------------------------------------------------------------------------
Finished Timing Optimization : Time (s): cpu = 00:00:19 ; elapsed = 00:00:20 . Memory (MB): peak = 1637.234 ; gain = 876.699
---------------------------------------------------------------------------------
---------------------------------------------------------------------------------
Start Technology Mapping
---------------------------------------------------------------------------------
---------------------------------------------------------------------------------
Finished Technology Mapping : Time (s): cpu = 00:00:19 ; elapsed = 00:00:20 . Memory (MB): peak = 1637.234 ; gain = 876.699
---------------------------------------------------------------------------------
---------------------------------------------------------------------------------
Start IO Insertion
---------------------------------------------------------------------------------
---------------------------------------------------------------------------------
Start Flattening Before IO Insertion
---------------------------------------------------------------------------------
---------------------------------------------------------------------------------
Finished Flattening Before IO Insertion
---------------------------------------------------------------------------------
---------------------------------------------------------------------------------
Start Final Netlist Cleanup
---------------------------------------------------------------------------------
---------------------------------------------------------------------------------
Finished Final Netlist Cleanup
---------------------------------------------------------------------------------
---------------------------------------------------------------------------------
Finished IO Insertion : Time (s): cpu = 00:00:23 ; elapsed = 00:00:23 . Memory (MB): peak = 1875.488 ; gain = 1114.953
---------------------------------------------------------------------------------
---------------------------------------------------------------------------------
Start Renaming Generated Instances
---------------------------------------------------------------------------------
---------------------------------------------------------------------------------
Finished Renaming Generated Instances : Time (s): cpu = 00:00:23 ; elapsed = 00:00:23 . Memory (MB): peak = 1875.488 ; gain = 1114.953
---------------------------------------------------------------------------------
---------------------------------------------------------------------------------
Start Rebuilding User Hierarchy
---------------------------------------------------------------------------------
---------------------------------------------------------------------------------
Finished Rebuilding User Hierarchy : Time (s): cpu = 00:00:23 ; elapsed = 00:00:23 . Memory (MB): peak = 1875.488 ; gain = 1114.953
---------------------------------------------------------------------------------
---------------------------------------------------------------------------------
Start Renaming Generated Ports
---------------------------------------------------------------------------------
---------------------------------------------------------------------------------
Finished Renaming Generated Ports : Time (s): cpu = 00:00:23 ; elapsed = 00:00:23 . Memory (MB): peak = 1875.488 ; gain = 1114.953
---------------------------------------------------------------------------------
---------------------------------------------------------------------------------
Start Handling Custom Attributes
---------------------------------------------------------------------------------
---------------------------------------------------------------------------------
Finished Handling Custom Attributes : Time (s): cpu = 00:00:23 ; elapsed = 00:00:23 . Memory (MB): peak = 1875.488 ; gain = 1114.953
---------------------------------------------------------------------------------
---------------------------------------------------------------------------------
Start Renaming Generated Nets
---------------------------------------------------------------------------------
---------------------------------------------------------------------------------
Finished Renaming Generated Nets : Time (s): cpu = 00:00:23 ; elapsed = 00:00:23 . Memory (MB): peak = 1875.488 ; gain = 1114.953
---------------------------------------------------------------------------------
---------------------------------------------------------------------------------
Start Writing Synthesis Report
---------------------------------------------------------------------------------

Report BlackBoxes: 
+-+--------------+----------+
| |BlackBox name |Instances |
+-+--------------+----------+
+-+--------------+----------+

Report Cell Usage: 
+------+-------+------+
|      |Cell   |Count |
+------+-------+------+
|1     |BUFG   |     1|
|2     |CARRY4 |    12|
|3     |LUT1   |     4|
|4     |LUT2   |     8|
|5     |LUT3   |     2|
|6     |LUT4   |    17|
|7     |LUT5   |    54|
|8     |LUT6   |     1|
|9     |FDCE   |    63|
|10    |FDPE   |     1|
|11    |IBUF   |     2|
|12    |OBUF   |    20|
+------+-------+------+
---------------------------------------------------------------------------------
Finished Writing Synthesis Report : Time (s): cpu = 00:00:23 ; elapsed = 00:00:23 . Memory (MB): peak = 1875.488 ; gain = 1114.953
---------------------------------------------------------------------------------
Synthesis finished with 0 errors, 0 critical warnings and 6 warnings.
Synthesis Optimization Runtime : Time (s): cpu = 00:00:15 ; elapsed = 00:00:21 . Memory (MB): peak = 1875.488 ; gain = 1044.254
Synthesis Optimization Complete : Time (s): cpu = 00:00:23 ; elapsed = 00:00:23 . Memory (MB): peak = 1875.488 ; gain = 1114.953
INFO: [Project 1-571] Translating synthesized netlist
Netlist sorting complete. Time (s): cpu = 00:00:00 ; elapsed = 00:00:00.002 . Memory (MB): peak = 1877.945 ; gain = 0.000
INFO: [Netlist 29-17] Analyzing 12 Unisim elements for replacement
INFO: [Netlist 29-28] Unisim Transformation completed in 0 CPU seconds
INFO: [Project 1-570] Preparing netlist for logic optimization
INFO: [Opt 31-138] Pushed 0 inverter(s) to 0 load pin(s).
Netlist sorting complete. Time (s): cpu = 00:00:00 ; elapsed = 00:00:00 . Memory (MB): peak = 1881.352 ; gain = 0.000
INFO: [Project 1-111] Unisim Transformation Summary:
No Unisim elements were transformed.

Synth Design complete | Checksum: 178c0e5f
INFO: [Common 17-83] Releasing license: Synthesis
27 Infos, 10 Warnings, 0 Critical Warnings and 0 Errors encountered.
synth_design completed successfully
synth_design: Time (s): cpu = 00:00:26 ; elapsed = 00:00:28 . Memory (MB): peak = 1881.352 ; gain = 1323.520
Write ShapeDB Complete: Time (s): cpu = 00:00:00 ; elapsed = 00:00:00.001 . Memory (MB): peak = 1881.352 ; gain = 0.000
INFO: [Common 17-1381] The checkpoint 'C:/Users/DJ/Desktop/ECC_decoder/ECC_decoder.runs/synth_1/top_ecc_rx_board_demo.dcp' has been generated.
INFO: [Vivado 12-24828] Executing command : report_utilization -file top_ecc_rx_board_demo_utilization_synth.rpt -pb top_ecc_rx_board_demo_utilization_synth.pb
INFO: [Common 17-206] Exiting Vivado at Mon Jun  1 18:36:05 2026...
